---
source: janet-check/src/analysis/lints/tests.rs
expression: "show(\"(defn f [x]\\n  (when x\\n    (error \\\"no\\\")\\n    (print 1)\\n    (print 2))\\n  (while true (break) (print 3))\\n  x)\\n\")"
---
(defn f [x]
  (when x
    (error "no")
    (print 1)
    ▔▔▔▔▔▔▔▔▔
    (print 2))
▔▔▔▔▔▔▔▔▔▔▔▔▔
  (while true (break) (print 3))
                      ▔▔▔▔▔▔▔▔▔
  x)


unreachable-code: unreachable: the (error …) before it never returns
unreachable-code: unreachable: the (break …) before it never returns
