---
source: src/analysis/types/infer/tests.rs
assertion_line: 470
expression: "format!(\"----- FINDINGS\\n{}\\n\\n----- SOURCE CODE\\n{}\\n\", shown.join(\"\\n\"),\ncrate::test_support::mark(&doc.text, &ranges))"
---
----- FINDINGS
37: :radius is not a key: this form has :kind :r
42: host/fetch takes 2 arguments, given 3
47: host/fetch takes :number here, given :string
52: host/limits is :struct, not a function

----- SOURCE CODE
# One case of each type diagnostic, and the near misses that must stay quiet.
# The mistakes here are intentional. Do not fix them.

(comment :declare
  (def Circle :typedef {:kind :circle :r :number})
  (def Options :typedef {:retries :number & r})

  (defn host/fetch
    {:params [:string :number] :ret :string}
    "Read `n` bytes of the path the host resolves."
    [path n])

  (defn host/log
    {:params [:any :any] :ret :nil}
    "Whatever the host makes of it."
    [level message])

  (defn host/seek
    {:params [(or :string :number)] :ret :nil}
    "A place in the stream, named or counted."
    [where])

  (defn host/emit
    {:params [:string :any] :ret :nil}
    "A line and whatever else the caller has."
    [line & rest])

  (def host/limits
    {:type :struct}
    "What the host will not go over."
    nil))

(defn area
  {:params [Circle] :ret :number}
  "A key `Circle` does not have."
  [circle]
  (* 3.14 (circle :radius) (circle :r)))
                  ▔▔▔▔▔▔▔

(defn fetch-head
  "More arguments than the declaration takes."
  []
  (host/fetch "head.txt" 16 :binary))
   ▔▔▔▔▔▔▔▔▔▔

(defn fetch-some
  "A string where the declaration takes a number."
  []
  (host/fetch "some.txt" "16"))
                         ▔▔▔▔

(defn every-limit
  "A struct called as if it were a function."
  []
  (host/limits))
   ▔▔▔▔▔▔▔▔▔▔▔

# Nothing below is a mistake.

(defn summarize
  "No metadata: whatever inference reads of `n` is its own business."
  [n]
  (host/log :info (+ n 1)))

(defn quiet
  {:params [Options] :ret :nil}
  "`:any` and a union take anything, and an open form has every key."
  [options]
  (host/log :info (options :retries))
  (host/log 1 (options :whatever-else))
  (host/seek "start")
  (host/seek 0)
  (host/fetch "ok.txt" 16)
  # A rest parameter takes as many as the caller has.
  (host/emit "done" 1 :two "three")
  # Inference reads `summarize` as taking a number. Nobody wrote that down, so nobody can say
  # this is wrong either.
  (summarize "text")
  # One argument reads a key out of whatever the head is, function or not.
  (host/limits :timeout))
