---
source: src/analysis/symbols/tests.rs
expression: "(defn each-of {:params [(fn [a] :any) [a]]} [f items] (map f items))\n(each-of (fn [x] |) [1 2 3])"
---
----- SOURCE CODE
(defn each-of {:params [(fn [a] :any) [a]]} [f items] (map f items))
(each-of (fn [x] |) [1 2 3])

----- SIGNATURE
(fn [x: :number]) -> :nil
