---
source: src/analysis/symbols/tests.rs
expression: "(defn pair {:params [a a] :ret [a a]} [left right] [left right])\n(pair 1 |)"
---
----- SOURCE CODE
(defn pair {:params [a a] :ret [a a]} [left right] [left right])
(pair 1 |)

----- SIGNATURE
(pair left: :number right: :number) -> [:number :number]
