---
source: janet-check/src/analysis/symbols/tests.rs
assertion_line: 209
expression: "(defn area \"Area.\" [shape] 1)\n(defn- hidden [] 2)"
---
----- SOURCE CODE
-- /ws/shapes.janet
(defn area "Area." [shape] 1)
(defn- hidden [] 2)

----- HOVER
```janet
(area shape) -> :number
```
defn in `shapes.janet`, type inferred

Area.
