---
source: src/analysis/types/tests.rs
expression: "marked.join(\"\\n\")"
---
abstract?: :abstract
any?: :any
array?: :array
boolean?: :boolean
buffer?: :buffer
bundle/installed?: :any
bytes?: (or :string :buffer :symbol :keyword)
cfunction?: :cfunction
dictionary?: (or :struct :table)
empty?: :any
even?: :any
every?: :any
false?: :any
fiber/can-resume?: :any
fiber?: :fiber
function?: :function
has-key?: :any
has-value?: :any
idempotent?: :any
indexed?: (or :tuple :array)
int?: :any
keyword?: :keyword
lengthable?: :any
nan?: :any
nat?: :any
neg?: :any
nil?: :nil
number?: :number
odd?: :any
one?: :any
pos?: :any
string/has-prefix?: :any
string/has-suffix?: :any
string?: :string
struct?: :struct
symbol?: :symbol
table?: :table
true?: :any
truthy?: :any
tuple?: :tuple
zero?: :any
