---
source: janet-check/src/analysis/types/tests.rs
expression: "parsed.join(\"\\n\")"
---
:nil
  Keyword("nil")
:boolean
  Keyword("boolean")
:number
  Keyword("number")
:any
  Keyword("any")
:string?
  Nullable(Keyword("string"))
:db/not-found
  Keyword("db/not-found")
Person
  Named { name: "Person", args: [] }
Entity?
  Nullable(Named { name: "Entity", args: [] })
a
  Var("a")
[:number]
  Tuple([Keyword("number")])
[:number :string :number]
  Tuple([Keyword("number"), Keyword("string"), Keyword("number")])
@[:string]
  Array([Keyword("string")])
@[]
  Array([])
{:status :number :body :any}
  Struct(Fields { fields: [(":status", Keyword("number")), (":body", Keyword("any"))], rest: None })
{:status :number & r}
  Struct(Fields { fields: [(":status", Keyword("number"))], rest: Some("r") })
{:keyword :any}
  Dict { key: Keyword("keyword"), value: Keyword("any"), mutable: false }
@{:keyword :any}
  Dict { key: Keyword("keyword"), value: Keyword("any"), mutable: true }
@{:tx :number :tempids @{}}
  Table(Fields { fields: [(":tx", Keyword("number")), (":tempids", Table(Fields { fields: [], rest: None }))], rest: None })
{:string Eid}
  Dict { key: Keyword("string"), value: Named { name: "Eid", args: [] }, mutable: false }
(or :string :keyword)
  Or([Keyword("string"), Keyword("keyword")])
(or Circle Rect &)
  Open([Named { name: "Circle", args: [] }, Named { name: "Rect", args: [] }])
(or :string &)
  Open([Keyword("string")])
(enum :get :post :put)
  Enum(["get", "post", "put"])
(fn [a] b)
  Fn(Signature { params: [Var("a")], rest: None, ret: Var("b"), throws: [], narrows: None, bounds: [], expands: false })
(fn [a & as] b)
  Fn(Signature { params: [Var("a")], rest: Some(Var("as")), ret: Var("b"), throws: [], narrows: None, bounds: [], expands: false })
(Box :number)
  Named { name: "Box", args: [Keyword("number")] }
(Pair :string? [a])
  Named { name: "Pair", args: [Nullable(Keyword("string")), Tuple([Var("a")])] }
