---
source: src/analysis/modules/tests.rs
expression: "(declare-project :name \"x\")\n(declare-source :prefix \"fixture\" :source [\"src/shapes.janet\" \"lib\"])"
---
----- SOURCE CODE
(declare-project :name "x")
(declare-source :prefix "fixture" :source ["src/shapes.janet" "lib"])

----- PACKAGES
fixture/shapes loads /ws/src/shapes.janet
fixture/lib loads /ws/lib
