---
source: src/analysis/references/tests.rs
expression: "show_references(&workspace, \"/ws/admin.janet\", \"model/Delivery\")"
---
----- SYMBOL
-- /ws/admin.janet
(import ./model)
(defresource deliveries model/Delivery)
                              ▔▔▔▔▔▔▔▔


----- TARGET
Module { file: "/ws/model.janet", name: "Delivery" }

----- REFERENCES
-- /ws/admin.janet
(import ./model)
(defresource deliveries model/Delivery)
                              ▔▔▔▔▔▔▔▔

-- /ws/model.janet
(import void/db :as db)
(db/defentity Delivery {:id :int})
              ▔▔▔▔▔▔▔▔


----- DECLARATION
-- /ws/model.janet
(import void/db :as db)
(db/defentity Delivery {:id :int})
              ▔▔▔▔▔▔▔▔
